// Jest Snapshot v1, https://goo.gl/fbAQLP

exports[`renders correctly 1`] = `
<div
  style={
    Object {
      "padding": "5px",
    }
  }
>
  <h1
    className="title"
  >
    Counter Component
  </h1>
  <span>
    <span
      className="counter-title"
      title="number-to-display"
    >
      1
    </span>
    <br />
    <span>
      <button
        className="genericButton"
        onClick={[Function]}
      >
        -
      </button>
    </span>
    <span>
      <button
        className="genericButton"
        onClick={[Function]}
      >
        +
      </button>
    </span>
  </span>
  <h1
    className="title"
  >
    Search Component
  </h1>
  <br />
  <span>
    <input
      className="search"
      onChange={[Function]}
      onKeyDown={[Function]}
      placeholder="What do you want to watch?"
      type="text"
      value="Search String?"
    />
    <span>
      <button
        className="netflixSearch"
        onClick={[Function]}
      >
        Search
      </button>
    </span>
  </span>
  <h1
    className="title"
  >
    Genre List Component
  </h1>
  <br />
  <span>
    <span>
      <button
        className="netflixBar"
        onClick={[Function]}
      >
        Action
      </button>
    </span>
    <span>
      <button
        className="netflixBar"
        onClick={[Function]}
      >
        Comedy
      </button>
    </span>
    <span>
      <button
        className="netflixBar"
        onClick={[Function]}
      >
        Drama
      </button>
    </span>
    <span>
      <button
        className="netflixBarSelected"
        onClick={[Function]}
      >
        Fantasy
      </button>
    </span>
    <span>
      <button
        className="netflixBar"
        onClick={[Function]}
      >
        Horror
      </button>
    </span>
    <span>
      <button
        className="netflixBar"
        onClick={[Function]}
      >
        Mystery
      </button>
    </span>
    <span>
      <button
        className="netflixBar"
        onClick={[Function]}
      >
        Romance
      </button>
    </span>
    <span>
      <button
        className="netflixBar"
        onClick={[Function]}
      >
        Thriller
      </button>
    </span>
    <span>
      <button
        className="netflixBar"
        onClick={[Function]}
      >
        Western
      </button>
    </span>
  </span>
</div>
`;
